2025-06-11T16:04:08 | touched: hardhat.config.js
2025-12-12T20:50:30 | touched: .env.example
2025-08-16T13:24:44 | touched: scripts/cli.js
2025-01-20T17:59:17 | touched: scripts/frontend-integration.js
2025-10-01T11:36:47 | touched: package.json
2025-03-19T00:01:19 | touched: package.json
2025-04-17T04:50:42 | touched: scripts/frontend-integration.js
2025-07-09T10:04:18 | touched: scripts/interact.js
2025-01-20T07:48:22 | touched: contracts/Reinforcementcore.sol
2025-01-09T02:09:05 | touched: test/Reinforcementcore.test.js
2025-08-10T03:21:04 | touched: test/Reinforcementcore.test.js
2025-06-12T16:59:46 | touched: test/Reinforcementcore.test.js
2025-07-21T20:36:28 | touched: LICENSE
2025-03-15T03:50:30 | touched: README.md
2025-11-17T09:07:49 | touched: scripts/frontend-integration.js
2025-07-14T22:54:07 | touched: scripts/api-server.js
2025-01-16T19:04:02 | touched: scripts/cli.js
2025-07-30T18:27:12 | touched: scripts/cli.js
2025-07-13T05:03:10 | touched: scripts/deploy.js
2025-06-30T09:45:29 | touched: scripts/cli.js
2025-09-16T09:35:30 | touched: contracts/Reinforcementcore.sol
2025-07-02T23:16:11 | touched: scripts/deploy.js
2025-10-02T21:59:22 | touched: package.json
2025-10-01T16:28:24 | touched: scripts/interact.js
2025-06-05T12:26:13 | touched: test/Reinforcementcore.test.js
2025-09-23T04:56:00 | touched: scripts/deploy.js
2025-11-08T14:20:14 | touched: package.json
2025-09-11T04:28:06 | touched: scripts/deploy.js
2025-02-25T17:37:39 | touched: hardhat.config.js
2025-06-23T00:40:38 | touched: LICENSE
2025-11-08T14:51:41 | touched: scripts/frontend-integration.js
2025-06-13T15:17:27 | touched: scripts/deploy.js
2025-10-04T02:50:32 | touched: scripts/deploy.js
2025-12-19T11:23:12 | touched: package.json
2025-05-04T22:53:11 | touched: package.json
2025-12-10T22:04:05 | touched: scripts/api-server.js
2025-02-24T01:09:25 | touched: LICENSE
2025-02-21T07:23:23 | touched: package.json
2025-03-11T13:45:32 | touched: scripts/frontend-integration.js
2025-08-16T01:39:47 | touched: test/Reinforcementcore.test.js
2025-02-11T09:29:39 | touched: contracts/Reinforcementcore.sol
2025-09-19T12:01:03 | touched: README.md
2025-06-21T01:40:09 | touched: scripts/cli.js
2025-10-31T21:49:19 | touched: scripts/cli.js
2025-06-17T22:56:23 | touched: package.json
2026-01-15T05:59:41 | touched: scripts/interact.js
2026-01-02T18:46:15 | touched: .env.example
2026-01-11T22:43:13 | touched: scripts/deploy.js
2025-03-30T03:05:39 | touched: scripts/cli.js
2026-01-07T09:52:56 | touched: LICENSE
2025-03-17T10:06:05 | touched: scripts/deploy.js
2025-09-19T16:17:32 | touched: .env.example
2025-08-20T14:25:41 | touched: .env.example
2025-08-08T21:28:16 | touched: test/Reinforcementcore.test.js
2025-07-06T15:59:52 | touched: test/Reinforcementcore.test.js
2025-08-27T10:07:56 | touched: scripts/deploy.js
2025-08-18T13:22:21 | touched: contracts/Reinforcementcore.sol
2026-01-13T23:50:37 | touched: scripts/frontend-integration.js
2025-10-27T15:59:41 | touched: package.json
2026-01-06T12:09:21 | touched: README.md
2025-08-21T22:50:29 | touched: contracts/Reinforcementcore.sol
